// Jest Snapshot v1, https://goo.gl/fbAQLP

exports[`components/ConsentModal should render without errors 1`] = `
<ForwardRef>
  <ForwardRef
    animationType="slide"
    backdropOpacity={0.6}
    isVisible={true}
  >
    <ForwardRef>
      <ForwardRef
        style={
          Object {
            "marginBottom": 0,
            "marginTop": 0,
          }
        }
      />
      <ForwardRef>
        <ForwardRef>
          ACME
        </ForwardRef>
        <Paragraph
          align="left"
        >
          En tjänst för att du enkelt skall kunna fylla i dina kompetenser på ett och samma ställe.
        </Paragraph>
      </ForwardRef>
      <ForwardRef
        style={
          Object {
            "marginBottom": 0,
            "marginTop": 0,
          }
        }
      />
      <ScrollViewWrap
        contentContainerStyle={
          Object {
            "alignItems": "flex-start",
          }
        }
        style={
          Object {
            "backgroundColor": "#F9F9FB",
            "paddingHorizontal": 36,
            "paddingTop": 24,
          }
        }
      >
        <ForwardRef
          style={
            Object {
              "marginBottom": 24,
            }
          }
        >
          <ForwardRef>
            Education
          </ForwardRef>
          <Paragraph
            small={true}
          >
            För att du skall kunna hålla reda på dina utbildningar.
          </Paragraph>
        </ForwardRef>
        <ForwardRef
          style={
            Object {
              "marginBottom": 24,
            }
          }
        >
          <ForwardRef>
            Skills
          </ForwardRef>
          <Paragraph
            small={true}
          >
            För att du skall kunna spara ner dina tidigare arbetserfarenheter.
          </Paragraph>
        </ForwardRef>
        <ForwardRef
          style={
            Object {
              "marginBottom": 24,
            }
          }
        >
          <ForwardRef>
            Language
          </ForwardRef>
          <Paragraph
            small={true}
          >
            För att du skall kunna spara ner dina språkkunskaper.
          </Paragraph>
        </ForwardRef>
      </ScrollViewWrap>
      <ForwardRef>
        <AcceptConsentButton>
          Tillåt
        </AcceptConsentButton>
        <ForwardRef
          style={
            Object {
              "marginBottom": 0,
              "marginTop": 0,
            }
          }
          vertical={true}
        />
        <DenyConsentButton>
          Neka
        </DenyConsentButton>
      </ForwardRef>
    </ForwardRef>
  </ForwardRef>
</ForwardRef>
`;
