// Jest Snapshot v1, https://goo.gl/fbAQLP

exports[`elements/Button should render 1`] = `
<TouchableOpacity
  activeOpacity={0.2}
  style={
    Object {
      "flexDirection": "row",
    }
  }
>
  <ForwardRef>
    <ForwardRef>
      PrimaryButton
    </ForwardRef>
  </ForwardRef>
</TouchableOpacity>
`;
